BUILD STATUS: SUCCESS
Date: 2026-06-14

All builds passing successfully!

✅ CI (TypeScript check + Tests) - PASSING
✅ Build Windows Application - PASSING
✅ Build Android Application - PASSING
✅ Build & Release Applications - PASSING

Fixes applied:
1. Removed unused `import.meta.url` from `server.ts` (was causing CJS warning)
2. Removed unused `import.meta.url` from `vite.config.ts`

Build output:
vite v6.4.3 building for production...
✓ 1706 modules transformed.
dist/index.html                   3.47 kB │ gzip:   1.43 kB
dist/assets/index-cu6wmLDr.css   82.05 kB │ gzip:  13.77 kB
dist/assets/index-xs3ViQKg.js   677.79 kB │ gzip: 171.08 kB
✓ built in 8.4s

  dist/server.cjs      12.8kb
  dist/server.cjs.map  16.9kb

⚡ Done in 4ms (no warnings)
